// Jest Snapshot v1, https://goo.gl/fbAQLP

exports[`render UserCard correctly 1`] = `
<div
  class="usercard"
>
  <div
    class="ant-col-8"
    style="padding:20px;"
  >
    <a
      href="/user/string"
      style="color:black;"
    >
      <div
        class="ant-card ant-card-bordered"
      >
        <div
          class="ant-card-body"
        >
          <div
            class="popular-rank"
          >
            #NaN
          </div>
          <ul
            class="space-list-item"
          >
            <li>
              <span
                alt="string"
                class="ant-avatar avatar ant-avatar-circle ant-avatar-image"
              >
                <img
                  src="string"
                />
              </span>
            </li>
            <li>
              <p>
                string
              </p>
            </li>
            <li>
              @string
            </li>
            <li>
              Stars: string
            </li>
          </ul>
        </div>
      </div>
    </a>
  </div>
</div>
`;
